hello rose
hello rose
hello rose
hello rose
hello rose
hello rose
hello rose
hello rose
hello rose
hello rose
hello rose
hello rose
hello rose
hello rose
hello rose
hello rose
hello rose
hello rose
hello rose
hello rose
hello rose
hello rose
hello rose
hello rose
hello rose
hello rose
hello rose
hello rose
hello rose
hello rose
hello rose
hello rose
hello rose
hello rose
hello rose
hello rose
hello rose
hello rose
hello rose
hello rose
hello rose
hello rose
hello rose
hello rose
hello rose
hello rose
hello rose
hello rose
hello rose
hello rose
hello rose
hello rose
